// Jest Snapshot v1, https://goo.gl/fbAQLP

exports[`[TextInput] renders correctly 1`] = `
<View
  style={
    [
      {
        "flexDirection": "row",
        "left": 0,
        "right": 0,
      },
    ]
  }
>
  <View
    style={
      [
        {
          "alignItems": "stretch",
          "alignSelf": "stretch",
          "backgroundColor": "#F3F6FA",
          "borderColor": "#F3F6FA",
          "borderRadius": 29.22077922077922,
          "borderWidth": 2,
          "flexDirection": "row",
          "justifyContent": "center",
          "minHeight": 55,
          "paddingHorizontal": 15,
          "width": "100%",
        },
        undefined,
        false,
        {
          "height": 93.5,
        },
      ]
    }
  >
    <TextInput
      autoCapitalize="none"
      autoCorrect={false}
      multiline={false}
      onBlur={[Function]}
      onFocus={[Function]}
      placeholderTextColor="#606885"
      style={
        [
          {
            "color": "#0030CF",
            "flex": 1,
            "fontFamily": "ProximaNova-Regular",
            "fontSize": 32.14285714285714,
          },
          {
            "paddingRight": 0,
          },
          undefined,
          false,
          undefined,
        ]
      }
    />
  </View>
</View>
`;
